[21:51:42] [INIT] KubeJS 2101.7.2-build.368; MC 2101 NeoForge
[21:51:42] [INIT] Loaded plugins:
[21:51:42] [INIT] - dev.latvian.mods.kubejs.plugin.builtin.BuiltinKubeJSPlugin
[21:51:42] [INIT] - dev.latvian.mods.kubejs.plugin.builtin.BuiltinKubeJSClientPlugin
[21:51:42] [INIT] - dev.latvian.mods.kubejs.integration.architectury.ArchitecturyIntegration
[21:51:42] [INIT] - com.jesz.createdieselgenerators.compat.kubejs.CDGKubeJSPlugin
[21:51:42] [INIT] - com.almostreliable.lootjs.kube.LootJSPlugin
[21:51:42] [INIT] - dev.latvian.mods.kubejs.create.KubeJSCreatePlugin
[21:51:42] [INIT] - me.yassigame.sable_beyond.neoforge.integration.kubejs.KubeJSIntegration
[21:51:42] [INFO] Loaded script server_scripts:armor_blocks.js in 0.001 s
[21:51:42] [INFO] Loaded script server_scripts:drop.js in 0.001 s
[21:51:42] [INFO] Loaded script server_scripts:graplin_hook.js in 0.0 s
[21:51:42] [INFO] server_scripts:main.js#2: Hello, World! (Loaded server example script)
[21:51:42] [INFO] Loaded script server_scripts:main.js in 0.0 s
[21:51:42] [INFO] Loaded script server_scripts:poroh.js in 0.0 s
[21:51:42] [INFO] Loaded script server_scripts:Scoched_Loot_Spawn.js in 0.0 s
[21:51:42] [INFO] Loaded script server_scripts:scorched.js in 0.007 s
[21:51:42] [INFO] Loaded script server_scripts:Scorched_spawn_loot_mobs.js in 0.001 s
[21:51:42] [INFO] Loaded script server_scripts:steam.js in 0.001 s
[21:51:42] [INFO] Loaded script server_scripts:vista.js in 0.0 s
[21:51:42] [INFO] Loaded 10/10 KubeJS server scripts in 0.031 s with 0 errors and 0 warnings
[21:51:42] [INIT] KubeJS 2101.7.2-build.368; MC 2101 NeoForge
[21:51:42] [INIT] Loaded plugins:
[21:51:42] [INIT] - dev.latvian.mods.kubejs.plugin.builtin.BuiltinKubeJSPlugin
[21:51:42] [INIT] - dev.latvian.mods.kubejs.plugin.builtin.BuiltinKubeJSClientPlugin
[21:51:42] [INIT] - dev.latvian.mods.kubejs.integration.architectury.ArchitecturyIntegration
[21:51:42] [INIT] - com.jesz.createdieselgenerators.compat.kubejs.CDGKubeJSPlugin
[21:51:42] [INIT] - com.almostreliable.lootjs.kube.LootJSPlugin
[21:51:42] [INIT] - dev.latvian.mods.kubejs.create.KubeJSCreatePlugin
[21:51:42] [INIT] - me.yassigame.sable_beyond.neoforge.integration.kubejs.KubeJSIntegration
[21:51:42] [INFO] Loaded script server_scripts:armor_blocks.js in 0.001 s
[21:51:42] [INFO] Loaded script server_scripts:drop.js in 0.001 s
[21:51:42] [INFO] Loaded script server_scripts:graplin_hook.js in 0.0 s
[21:51:42] [INFO] server_scripts:main.js#2: Hello, World! (Loaded server example script)
[21:51:42] [INFO] Loaded script server_scripts:main.js in 0.001 s
[21:51:42] [INFO] Loaded script server_scripts:poroh.js in 0.001 s
[21:51:42] [INFO] Loaded script server_scripts:Scoched_Loot_Spawn.js in 0.0 s
[21:51:42] [INFO] Loaded script server_scripts:scorched.js in 0.007 s
[21:51:42] [INFO] Loaded script server_scripts:Scorched_spawn_loot_mobs.js in 0.001 s
[21:51:42] [INFO] Loaded script server_scripts:steam.js in 0.0 s
[21:51:42] [INFO] Loaded script server_scripts:vista.js in 0.001 s
[21:51:42] [INFO] Loaded 10/10 KubeJS server scripts in 0.025 s with 0 errors and 0 warnings
[21:51:43] [INFO] Processing recipes...
[21:51:43] [INFO] Initializing recipe event...
[21:51:43] [WARN] KubeRecipe.java#90: Failed to parse recipe 'createdieselgenerators:mixing/biodiesel[create:mixing]'! Falling back to vanilla: Failed to read required component 'ingredients: either<create:sized_fluid_ingredient, ingredient>[]' - java.lang.IllegalStateException: Failed to parse either. First: Unknown registry key in ResourceKey[minecraft:root / neoforge:fluid_ingredient_type]: minecraft:fluid_tag; Unknown registry key in ResourceKey[minecraft:root / neoforge:fluid_ingredient_type]: minecraft:fluid_tag; Second: Failed to parse either. First: Not a json array: {"type":"fluid_tag","fluid_tag":"c:ethanol","amount":100}; Second: Unknown registry key in ResourceKey[minecraft:root / neoforge:ingredient_serializer]: minecraft:fluid_tag; Failed to parse either. First: Unknown registry key in ResourceKey[minecraft:root / neoforge:fluid_ingredient_type]: minecraft:fluid_tag; Unknown registry key in ResourceKey[minecraft:root / neoforge:fluid_ingredient_type]: minecraft:fluid_tag; Second: Failed to parse either. First: Not a json array: {"type":"fluid_tag","fluid_tag":"c:plantoil","amount":100}; Second: Unknown registry key in ResourceKey[minecraft:root / neoforge:ingredient_serializer]: minecraft:fluid_tag
[21:51:43] [WARN] RecipeComponent.java#160: Failed to read component 'category: crafting_book_category?' from recipe scguns:powder_and_ball[minecraft:crafting_shapeless], falling back to default value: java.lang.IllegalStateException: Unknown element name:ammo
[21:51:43] [WARN] KubeRecipe.java#90: Failed to parse recipe 'createdieselgenerators:mixing/green_concrete[create:mixing]'! Falling back to vanilla: Failed to read required component 'ingredients: either<create:sized_fluid_ingredient, ingredient>[]' - java.lang.IllegalStateException: Failed to parse either. First: Unknown registry key in ResourceKey[minecraft:root / neoforge:fluid_ingredient_type]: minecraft:fluid_stack; Unknown registry key in ResourceKey[minecraft:root / neoforge:fluid_ingredient_type]: minecraft:fluid_stack; Second: Failed to parse either. First: Not a json array: {"type":"fluid_stack","fluid":"minecraft:water","amount":100}; Second: Unknown registry key in ResourceKey[minecraft:root / neoforge:ingredient_serializer]: minecraft:fluid_stack
[21:51:43] [WARN] RecipeComponentValue.java#102: Failed to parse recipe 'interiors:crafting/floor_chair/light_blue_floor_chair_from_other_floor_chair[minecraft:crafting_shapeless]' @ [ingredients][1]! Falling back to vanilla: Invalid component ingredients: ingredient[] - Component 'ingredient' is not allowed to be empty!
[21:51:43] [WARN] RecipeComponent.java#160: Failed to read component 'category: crafting_book_category?' from recipe create_radar:crafting/radar_filter_item[minecraft:crafting_shaped], falling back to default value: java.lang.IllegalStateException: Unknown element name:tools
[21:51:43] [WARN] RecipeComponent.java#160: Failed to read component 'category: crafting_book_category?' from recipe scguns:lightning_rod_connector_to_lightning_rod[minecraft:crafting_shapeless], falling back to default value: java.lang.IllegalStateException: Unknown element name:ammo
[21:51:43] [WARN] RecipeComponentValue.java#102: Failed to parse recipe 'interiors:crafting/floor_chair/pink_floor_chair_from_other_floor_chair[minecraft:crafting_shapeless]' @ [ingredients][1]! Falling back to vanilla: Invalid component ingredients: ingredient[] - Component 'ingredient' is not allowed to be empty!
[21:51:43] [WARN] RecipeComponent.java#160: Failed to read component 'category: crafting_book_category?' from recipe scguns:grenade[minecraft:crafting_shaped], falling back to default value: java.lang.IllegalStateException: Unknown element name:throwable
[21:51:43] [WARN] KubeRecipe.java#90: Failed to parse recipe 'createdieselgenerators:mixing/pink_concrete[create:mixing]'! Falling back to vanilla: Failed to read required component 'ingredients: either<create:sized_fluid_ingredient, ingredient>[]' - java.lang.IllegalStateException: Failed to parse either. First: Unknown registry key in ResourceKey[minecraft:root / neoforge:fluid_ingredient_type]: minecraft:fluid_stack; Unknown registry key in ResourceKey[minecraft:root / neoforge:fluid_ingredient_type]: minecraft:fluid_stack; Second: Failed to parse either. First: Not a json array: {"type":"fluid_stack","fluid":"minecraft:water","amount":100}; Second: Unknown registry key in ResourceKey[minecraft:root / neoforge:ingredient_serializer]: minecraft:fluid_stack
[21:51:43] [WARN] KubeRecipe.java#90: Failed to parse recipe 'createdieselgenerators:mixing/black_concrete[create:mixing]'! Falling back to vanilla: Failed to read required component 'ingredients: either<create:sized_fluid_ingredient, ingredient>[]' - java.lang.IllegalStateException: Failed to parse either. First: Unknown registry key in ResourceKey[minecraft:root / neoforge:fluid_ingredient_type]: minecraft:fluid_stack; Unknown registry key in ResourceKey[minecraft:root / neoforge:fluid_ingredient_type]: minecraft:fluid_stack; Second: Failed to parse either. First: Not a json array: {"type":"fluid_stack","fluid":"minecraft:water","amount":100}; Second: Unknown registry key in ResourceKey[minecraft:root / neoforge:ingredient_serializer]: minecraft:fluid_stack
[21:51:43] [WARN] RecipeComponentValue.java#102: Failed to parse recipe 'interiors:crafting/chair/yellow_chair_from_other_chair[minecraft:crafting_shapeless]' @ [ingredients][1]! Falling back to vanilla: Invalid component ingredients: ingredient[] - Component 'ingredient' is not allowed to be empty!
[21:51:43] [WARN] KubeRecipe.java#90: Failed to parse recipe 'createdieselgenerators:mixing/brown_concrete[create:mixing]'! Falling back to vanilla: Failed to read required component 'ingredients: either<create:sized_fluid_ingredient, ingredient>[]' - java.lang.IllegalStateException: Failed to parse either. First: Unknown registry key in ResourceKey[minecraft:root / neoforge:fluid_ingredient_type]: minecraft:fluid_stack; Unknown registry key in ResourceKey[minecraft:root / neoforge:fluid_ingredient_type]: minecraft:fluid_stack; Second: Failed to parse either. First: Not a json array: {"type":"fluid_stack","fluid":"minecraft:water","amount":100}; Second: Unknown registry key in ResourceKey[minecraft:root / neoforge:ingredient_serializer]: minecraft:fluid_stack
[21:51:43] [WARN] RecipeComponent.java#160: Failed to read component 'category: crafting_book_category?' from recipe scguns:sheol_from_sheol_dust[minecraft:crafting_shapeless], falling back to default value: java.lang.IllegalStateException: Unknown element name:ammo
[21:51:43] [WARN] RecipeComponent.java#160: Failed to read component 'category: crafting_book_category?' from recipe scguns:nitro_powder_from_nitro_powder_dust[minecraft:crafting_shapeless], falling back to default value: java.lang.IllegalStateException: Unknown element name:ammo
[21:51:43] [WARN] RecipeComponentValue.java#102: Failed to parse recipe 'interiors:crafting/chair/magenta_chair_from_other_chair[minecraft:crafting_shapeless]' @ [ingredients][1]! Falling back to vanilla: Invalid component ingredients: ingredient[] - Component 'ingredient' is not allowed to be empty!
[21:51:43] [WARN] RecipeComponentValue.java#102: Failed to parse recipe 'interiors:crafting/chair/purple_chair_from_other_chair[minecraft:crafting_shapeless]' @ [ingredients][1]! Falling back to vanilla: Invalid component ingredients: ingredient[] - Component 'ingredient' is not allowed to be empty!
[21:51:43] [WARN] KubeRecipe.java#90: Failed to parse recipe 'createdieselgenerators:mixing/orange_concrete[create:mixing]'! Falling back to vanilla: Failed to read required component 'ingredients: either<create:sized_fluid_ingredient, ingredient>[]' - java.lang.IllegalStateException: Failed to parse either. First: Unknown registry key in ResourceKey[minecraft:root / neoforge:fluid_ingredient_type]: minecraft:fluid_stack; Unknown registry key in ResourceKey[minecraft:root / neoforge:fluid_ingredient_type]: minecraft:fluid_stack; Second: Failed to parse either. First: Not a json array: {"type":"fluid_stack","fluid":"minecraft:water","amount":100}; Second: Unknown registry key in ResourceKey[minecraft:root / neoforge:ingredient_serializer]: minecraft:fluid_stack
[21:51:43] [WARN] RecipeComponent.java#160: Failed to read component 'category: crafting_book_category?' from recipe scguns:lightning_rod_to_lightning_rod_connector[minecraft:crafting_shapeless], falling back to default value: java.lang.IllegalStateException: Unknown element name:ammo
[21:51:43] [WARN] RecipeComponentValue.java#102: Failed to parse recipe 'interiors:crafting/floor_chair/red_floor_chair_from_other_floor_chair[minecraft:crafting_shapeless]' @ [ingredients][1]! Falling back to vanilla: Invalid component ingredients: ingredient[] - Component 'ingredient' is not allowed to be empty!
[21:51:43] [WARN] RecipeComponent.java#160: Failed to read component 'category: crafting_book_category?' from recipe create_radar:crafting/ident_filter_item[minecraft:crafting_shaped], falling back to default value: java.lang.IllegalStateException: Unknown element name:tools
[21:51:43] [WARN] KubeRecipe.java#90: Failed to parse recipe 'createdieselgenerators:mixing/light_blue_concrete[create:mixing]'! Falling back to vanilla: Failed to read required component 'ingredients: either<create:sized_fluid_ingredient, ingredient>[]' - java.lang.IllegalStateException: Failed to parse either. First: Unknown registry key in ResourceKey[minecraft:root / neoforge:fluid_ingredient_type]: minecraft:fluid_stack; Unknown registry key in ResourceKey[minecraft:root / neoforge:fluid_ingredient_type]: minecraft:fluid_stack; Second: Failed to parse either. First: Not a json array: {"type":"fluid_stack","fluid":"minecraft:water","amount":100}; Second: Unknown registry key in ResourceKey[minecraft:root / neoforge:ingredient_serializer]: minecraft:fluid_stack
[21:51:43] [WARN] RecipeComponentValue.java#102: Failed to parse recipe 'interiors:crafting/chair/pink_chair_from_other_chair[minecraft:crafting_shapeless]' @ [ingredients][1]! Falling back to vanilla: Invalid component ingredients: ingredient[] - Component 'ingredient' is not allowed to be empty!
[21:51:43] [WARN] RecipeComponentValue.java#102: Failed to parse recipe 'interiors:crafting/floor_chair/gray_floor_chair_from_other_floor_chair[minecraft:crafting_shapeless]' @ [ingredients][1]! Falling back to vanilla: Invalid component ingredients: ingredient[] - Component 'ingredient' is not allowed to be empty!
[21:51:43] [WARN] KubeRecipe.java#90: Failed to parse recipe 'createdieselgenerators:mixing/blue_concrete[create:mixing]'! Falling back to vanilla: Failed to read required component 'ingredients: either<create:sized_fluid_ingredient, ingredient>[]' - java.lang.IllegalStateException: Failed to parse either. First: Unknown registry key in ResourceKey[minecraft:root / neoforge:fluid_ingredient_type]: minecraft:fluid_stack; Unknown registry key in ResourceKey[minecraft:root / neoforge:fluid_ingredient_type]: minecraft:fluid_stack; Second: Failed to parse either. First: Not a json array: {"type":"fluid_stack","fluid":"minecraft:water","amount":100}; Second: Unknown registry key in ResourceKey[minecraft:root / neoforge:ingredient_serializer]: minecraft:fluid_stack
[21:51:43] [WARN] RecipeComponentValue.java#102: Failed to parse recipe 'interiors:crafting/floor_chair/purple_floor_chair_from_other_floor_chair[minecraft:crafting_shapeless]' @ [ingredients][1]! Falling back to vanilla: Invalid component ingredients: ingredient[] - Component 'ingredient' is not allowed to be empty!
[21:51:43] [WARN] RecipeComponent.java#160: Failed to read component 'category: crafting_book_category?' from recipe scguns:choke_bomb[minecraft:crafting_shaped], falling back to default value: java.lang.IllegalStateException: Unknown element name:throwable
[21:51:43] [WARN] KubeRecipe.java#90: Failed to parse recipe 'createdieselgenerators:mixing/red_concrete[create:mixing]'! Falling back to vanilla: Failed to read required component 'ingredients: either<create:sized_fluid_ingredient, ingredient>[]' - java.lang.IllegalStateException: Failed to parse either. First: Unknown registry key in ResourceKey[minecraft:root / neoforge:fluid_ingredient_type]: minecraft:fluid_stack; Unknown registry key in ResourceKey[minecraft:root / neoforge:fluid_ingredient_type]: minecraft:fluid_stack; Second: Failed to parse either. First: Not a json array: {"type":"fluid_stack","fluid":"minecraft:water","amount":100}; Second: Unknown registry key in ResourceKey[minecraft:root / neoforge:ingredient_serializer]: minecraft:fluid_stack
[21:51:43] [WARN] RecipeComponentValue.java#102: Failed to parse recipe 'interiors:crafting/chair/light_gray_chair_from_other_chair[minecraft:crafting_shapeless]' @ [ingredients][1]! Falling back to vanilla: Invalid component ingredients: ingredient[] - Component 'ingredient' is not allowed to be empty!
[21:51:43] [WARN] RecipeComponentValue.java#102: Failed to parse recipe 'interiors:crafting/floor_chair/black_floor_chair_from_other_floor_chair[minecraft:crafting_shapeless]' @ [ingredients][1]! Falling back to vanilla: Invalid component ingredients: ingredient[] - Component 'ingredient' is not allowed to be empty!
[21:51:43] [WARN] RecipeComponent.java#160: Failed to read component 'category: crafting_book_category?' from recipe create_radar:crafting/binoculars[minecraft:crafting_shaped], falling back to default value: java.lang.IllegalStateException: Unknown element name:tools
[21:51:43] [WARN] KubeRecipe.java#90: Failed to parse recipe 'createdieselgenerators:mixing/lime_concrete[create:mixing]'! Falling back to vanilla: Failed to read required component 'ingredients: either<create:sized_fluid_ingredient, ingredient>[]' - java.lang.IllegalStateException: Failed to parse either. First: Unknown registry key in ResourceKey[minecraft:root / neoforge:fluid_ingredient_type]: minecraft:fluid_stack; Unknown registry key in ResourceKey[minecraft:root / neoforge:fluid_ingredient_type]: minecraft:fluid_stack; Second: Failed to parse either. First: Not a json array: {"type":"fluid_stack","fluid":"minecraft:water","amount":100}; Second: Unknown registry key in ResourceKey[minecraft:root / neoforge:ingredient_serializer]: minecraft:fluid_stack
[21:51:43] [WARN] RecipeComponentValue.java#102: Failed to parse recipe 'interiors:crafting/floor_chair/green_floor_chair_from_other_floor_chair[minecraft:crafting_shapeless]' @ [ingredients][1]! Falling back to vanilla: Invalid component ingredients: ingredient[] - Component 'ingredient' is not allowed to be empty!
[21:51:43] [WARN] RecipeComponentValue.java#102: Failed to parse recipe 'interiors:crafting/floor_chair/cyan_floor_chair_from_other_floor_chair[minecraft:crafting_shapeless]' @ [ingredients][1]! Falling back to vanilla: Invalid component ingredients: ingredient[] - Component 'ingredient' is not allowed to be empty!
[21:51:43] [WARN] RecipeComponent.java#160: Failed to read component 'category: crafting_book_category?' from recipe scguns:light_grip[minecraft:crafting_shaped], falling back to default value: java.lang.IllegalStateException: Unknown element name:throwable
[21:51:43] [WARN] RecipeComponentValue.java#102: Failed to parse recipe 'interiors:crafting/floor_chair/brown_floor_chair_from_other_floor_chair[minecraft:crafting_shapeless]' @ [ingredients][1]! Falling back to vanilla: Invalid component ingredients: ingredient[] - Component 'ingredient' is not allowed to be empty!
[21:51:43] [WARN] KubeRecipe.java#90: Failed to parse recipe 'createdieselgenerators:mixing/asphalt_block[create:mixing]'! Falling back to vanilla: Failed to read required component 'ingredients: either<create:sized_fluid_ingredient, ingredient>[]' - java.lang.IllegalStateException: Failed to parse either. First: Unknown registry key in ResourceKey[minecraft:root / neoforge:fluid_ingredient_type]: minecraft:fluid_tag; Unknown registry key in ResourceKey[minecraft:root / neoforge:fluid_ingredient_type]: minecraft:fluid_tag; Second: Failed to parse either. First: Not a json array: {"type":"fluid_tag","fluid_tag":"c:crude_oil","amount":100}; Second: Unknown registry key in ResourceKey[minecraft:root / neoforge:ingredient_serializer]: minecraft:fluid_tag
[21:51:43] [WARN] KubeRecipe.java#90: Failed to parse recipe 'createdieselgenerators:mixing/purple_concrete[create:mixing]'! Falling back to vanilla: Failed to read required component 'ingredients: either<create:sized_fluid_ingredient, ingredient>[]' - java.lang.IllegalStateException: Failed to parse either. First: Unknown registry key in ResourceKey[minecraft:root / neoforge:fluid_ingredient_type]: minecraft:fluid_stack; Unknown registry key in ResourceKey[minecraft:root / neoforge:fluid_ingredient_type]: minecraft:fluid_stack; Second: Failed to parse either. First: Not a json array: {"type":"fluid_stack","fluid":"minecraft:water","amount":100}; Second: Unknown registry key in ResourceKey[minecraft:root / neoforge:ingredient_serializer]: minecraft:fluid_stack
[21:51:43] [WARN] RecipeComponent.java#160: Failed to read component 'category: crafting_book_category?' from recipe scguns:grapeshot[minecraft:crafting_shapeless], falling back to default value: java.lang.IllegalStateException: Unknown element name:ammo
[21:51:43] [WARN] RecipeComponentValue.java#102: Failed to parse recipe 'interiors:crafting/chair/brown_chair_from_other_chair[minecraft:crafting_shapeless]' @ [ingredients][1]! Falling back to vanilla: Invalid component ingredients: ingredient[] - Component 'ingredient' is not allowed to be empty!
[21:51:43] [WARN] RecipeComponentValue.java#102: Failed to parse recipe 'interiors:crafting/chair/orange_chair_from_other_chair[minecraft:crafting_shapeless]' @ [ingredients][1]! Falling back to vanilla: Invalid component ingredients: ingredient[] - Component 'ingredient' is not allowed to be empty!
[21:51:43] [WARN] KubeRecipe.java#90: Failed to parse recipe 'createdieselgenerators:mixing/white_concrete[create:mixing]'! Falling back to vanilla: Failed to read required component 'ingredients: either<create:sized_fluid_ingredient, ingredient>[]' - java.lang.IllegalStateException: Failed to parse either. First: Unknown registry key in ResourceKey[minecraft:root / neoforge:fluid_ingredient_type]: minecraft:fluid_stack; Unknown registry key in ResourceKey[minecraft:root / neoforge:fluid_ingredient_type]: minecraft:fluid_stack; Second: Failed to parse either. First: Not a json array: {"type":"fluid_stack","fluid":"minecraft:water","amount":100}; Second: Unknown registry key in ResourceKey[minecraft:root / neoforge:ingredient_serializer]: minecraft:fluid_stack
[21:51:43] [WARN] RecipeComponentValue.java#102: Failed to parse recipe 'interiors:crafting/floor_chair/light_gray_floor_chair_from_other_floor_chair[minecraft:crafting_shapeless]' @ [ingredients][1]! Falling back to vanilla: Invalid component ingredients: ingredient[] - Component 'ingredient' is not allowed to be empty!
[21:51:43] [WARN] RecipeComponent.java#160: Failed to read component 'category: crafting_book_category?' from recipe scguns:molotov_cocktail[minecraft:crafting_shaped], falling back to default value: java.lang.IllegalStateException: Unknown element name:throwable
[21:51:43] [WARN] KubeRecipe.java#90: Failed to parse recipe 'createdeco:placard[minecraft:crafting_shapeless]'! Falling back to vanilla: Failed to read required component 'ingredients: ingredient[]' - java.lang.IllegalStateException: Failed to parse either. First: Not a json array: {"id":"minecraft:white_dye"}; Second: No key tag in MapLike[{"id":"minecraft:white_dye"}]; No key item in MapLike[{"id":"minecraft:white_dye"}]
[21:51:43] [WARN] KubeRecipe.java#90: Failed to parse recipe 'createdieselgenerators:mixing/yellow_concrete[create:mixing]'! Falling back to vanilla: Failed to read required component 'ingredients: either<create:sized_fluid_ingredient, ingredient>[]' - java.lang.IllegalStateException: Failed to parse either. First: Unknown registry key in ResourceKey[minecraft:root / neoforge:fluid_ingredient_type]: minecraft:fluid_stack; Unknown registry key in ResourceKey[minecraft:root / neoforge:fluid_ingredient_type]: minecraft:fluid_stack; Second: Failed to parse either. First: Not a json array: {"type":"fluid_stack","fluid":"minecraft:water","amount":100}; Second: Unknown registry key in ResourceKey[minecraft:root / neoforge:ingredient_serializer]: minecraft:fluid_stack
[21:51:43] [WARN] RecipeComponentValue.java#102: Failed to parse recipe 'interiors:crafting/floor_chair/orange_floor_chair_from_other_floor_chair[minecraft:crafting_shapeless]' @ [ingredients][1]! Falling back to vanilla: Invalid component ingredients: ingredient[] - Component 'ingredient' is not allowed to be empty!
[21:51:43] [WARN] RecipeComponentValue.java#102: Failed to parse recipe 'interiors:crafting/chair/black_chair_from_other_chair[minecraft:crafting_shapeless]' @ [ingredients][1]! Falling back to vanilla: Invalid component ingredients: ingredient[] - Component 'ingredient' is not allowed to be empty!
[21:51:43] [WARN] RecipeComponent.java#160: Failed to read component 'category: crafting_book_category?' from recipe scguns:gunpowder_dust_from_gunpowder[minecraft:crafting_shapeless], falling back to default value: java.lang.IllegalStateException: Unknown element name:ammo
[21:51:43] [WARN] RecipeComponentValue.java#102: Failed to parse recipe 'interiors:crafting/chair/light_blue_chair_from_other_chair[minecraft:crafting_shapeless]' @ [ingredients][1]! Falling back to vanilla: Invalid component ingredients: ingredient[] - Component 'ingredient' is not allowed to be empty!
[21:51:43] [WARN] RecipeComponentValue.java#102: Failed to parse recipe 'interiors:crafting/chair/cyan_chair_from_other_chair[minecraft:crafting_shapeless]' @ [ingredients][1]! Falling back to vanilla: Invalid component ingredients: ingredient[] - Component 'ingredient' is not allowed to be empty!
[21:51:43] [WARN] RecipeComponentValue.java#102: Failed to parse recipe 'interiors:crafting/chair/blue_chair_from_other_chair[minecraft:crafting_shapeless]' @ [ingredients][1]! Falling back to vanilla: Invalid component ingredients: ingredient[] - Component 'ingredient' is not allowed to be empty!
[21:51:43] [WARN] RecipeComponentValue.java#102: Failed to parse recipe 'interiors:crafting/chair/lime_chair_from_other_chair[minecraft:crafting_shapeless]' @ [ingredients][1]! Falling back to vanilla: Invalid component ingredients: ingredient[] - Component 'ingredient' is not allowed to be empty!
[21:51:43] [WARN] KubeRecipe.java#90: Failed to parse recipe 'createdieselgenerators:mixing/cyan_concrete[create:mixing]'! Falling back to vanilla: Failed to read required component 'ingredients: either<create:sized_fluid_ingredient, ingredient>[]' - java.lang.IllegalStateException: Failed to parse either. First: Unknown registry key in ResourceKey[minecraft:root / neoforge:fluid_ingredient_type]: minecraft:fluid_stack; Unknown registry key in ResourceKey[minecraft:root / neoforge:fluid_ingredient_type]: minecraft:fluid_stack; Second: Failed to parse either. First: Not a json array: {"type":"fluid_stack","fluid":"minecraft:water","amount":100}; Second: Unknown registry key in ResourceKey[minecraft:root / neoforge:ingredient_serializer]: minecraft:fluid_stack
[21:51:43] [WARN] KubeRecipe.java#90: Failed to parse recipe 'createdieselgenerators:mixing/magenta_concrete[create:mixing]'! Falling back to vanilla: Failed to read required component 'ingredients: either<create:sized_fluid_ingredient, ingredient>[]' - java.lang.IllegalStateException: Failed to parse either. First: Unknown registry key in ResourceKey[minecraft:root / neoforge:fluid_ingredient_type]: minecraft:fluid_stack; Unknown registry key in ResourceKey[minecraft:root / neoforge:fluid_ingredient_type]: minecraft:fluid_stack; Second: Failed to parse either. First: Not a json array: {"type":"fluid_stack","fluid":"minecraft:water","amount":100}; Second: Unknown registry key in ResourceKey[minecraft:root / neoforge:ingredient_serializer]: minecraft:fluid_stack
[21:51:43] [WARN] RecipeComponent.java#160: Failed to read component 'category: crafting_book_category?' from recipe create_radar:crafting/target_filter_item[minecraft:crafting_shaped], falling back to default value: java.lang.IllegalStateException: Unknown element name:tools
[21:51:43] [WARN] RecipeComponent.java#160: Failed to read component 'category: crafting_book_category?' from recipe scguns:swarm_bomb[minecraft:crafting_shaped], falling back to default value: java.lang.IllegalStateException: Unknown element name:throwable
[21:51:43] [WARN] RecipeComponent.java#160: Failed to read component 'category: crafting_book_category?' from recipe scguns:sheol_dust_from_sheol[minecraft:crafting_shapeless], falling back to default value: java.lang.IllegalStateException: Unknown element name:ammo
[21:51:43] [WARN] RecipeComponentValue.java#102: Failed to parse recipe 'interiors:crafting/floor_chair/white_floor_chair_from_other_floor_chair[minecraft:crafting_shapeless]' @ [ingredients][1]! Falling back to vanilla: Invalid component ingredients: ingredient[] - Component 'ingredient' is not allowed to be empty!
[21:51:43] [WARN] RecipeComponent.java#160: Failed to read component 'category: crafting_book_category?' from recipe scguns:gas_grenade[minecraft:crafting_shaped], falling back to default value: java.lang.IllegalStateException: Unknown element name:throwable
[21:51:43] [WARN] RecipeComponent.java#160: Failed to read component 'category: crafting_book_category?' from recipe scguns:peal_from_peal_dust[minecraft:crafting_shapeless], falling back to default value: java.lang.IllegalStateException: Unknown element name:ammo
[21:51:43] [WARN] KubeRecipe.java#90: Failed to parse recipe 'createdieselgenerators:mixing/light_gray_concrete[create:mixing]'! Falling back to vanilla: Failed to read required component 'ingredients: either<create:sized_fluid_ingredient, ingredient>[]' - java.lang.IllegalStateException: Failed to parse either. First: Unknown registry key in ResourceKey[minecraft:root / neoforge:fluid_ingredient_type]: minecraft:fluid_stack; Unknown registry key in ResourceKey[minecraft:root / neoforge:fluid_ingredient_type]: minecraft:fluid_stack; Second: Failed to parse either. First: Not a json array: {"type":"fluid_stack","fluid":"minecraft:water","amount":100}; Second: Unknown registry key in ResourceKey[minecraft:root / neoforge:ingredient_serializer]: minecraft:fluid_stack
[21:51:43] [WARN] RecipeComponentValue.java#102: Failed to parse recipe 'interiors:crafting/floor_chair/blue_floor_chair_from_other_floor_chair[minecraft:crafting_shapeless]' @ [ingredients][1]! Falling back to vanilla: Invalid component ingredients: ingredient[] - Component 'ingredient' is not allowed to be empty!
[21:51:43] [WARN] RecipeComponent.java#160: Failed to read component 'category: crafting_book_category?' from recipe create_radar:crafting/radar_safe_zone_designator[minecraft:crafting_shaped], falling back to default value: java.lang.IllegalStateException: Unknown element name:tools
[21:51:43] [WARN] KubeRecipe.java#90: Failed to parse recipe 's_a_b:glassarmor[minecraft:crafting_shaped]'! Falling back to vanilla: Failed to read required component 'result: item_stack' - java.lang.IllegalStateException: Unknown registry key in ResourceKey[minecraft:root / minecraft:item]: s_a_b:deleted_mod_element
[21:51:43] [WARN] RecipeComponentValue.java#102: Failed to parse recipe 'createbigcannons:cutting/spring_wire_steel[create:cutting]' @ [ingredients][0][right]! Falling back to vanilla: Invalid component ingredients: either<create:sized_fluid_ingredient, ingredient>[] - Component 'ingredient' is not allowed to be empty!
[21:51:43] [WARN] RecipeComponentValue.java#102: Failed to parse recipe 'interiors:crafting/chair/green_chair_from_other_chair[minecraft:crafting_shapeless]' @ [ingredients][1]! Falling back to vanilla: Invalid component ingredients: ingredient[] - Component 'ingredient' is not allowed to be empty!
[21:51:43] [WARN] RecipeComponentValue.java#102: Failed to parse recipe 'interiors:crafting/chair/gray_chair_from_other_chair[minecraft:crafting_shapeless]' @ [ingredients][1]! Falling back to vanilla: Invalid component ingredients: ingredient[] - Component 'ingredient' is not allowed to be empty!
[21:51:44] [WARN] RecipeComponent.java#160: Failed to read component 'category: crafting_book_category?' from recipe scguns:gravel_to_pebbles[minecraft:crafting_shapeless], falling back to default value: java.lang.IllegalStateException: Unknown element name:ammo
[21:51:44] [WARN] RecipeComponentValue.java#102: Failed to parse recipe 'interiors:crafting/chair/white_chair_from_other_chair[minecraft:crafting_shapeless]' @ [ingredients][1]! Falling back to vanilla: Invalid component ingredients: ingredient[] - Component 'ingredient' is not allowed to be empty!
[21:51:44] [WARN] RecipeComponentValue.java#102: Failed to parse recipe 'interiors:crafting/chair/red_chair_from_other_chair[minecraft:crafting_shapeless]' @ [ingredients][1]! Falling back to vanilla: Invalid component ingredients: ingredient[] - Component 'ingredient' is not allowed to be empty!
[21:51:44] [WARN] RecipeComponentValue.java#102: Failed to parse recipe 'interiors:crafting/floor_chair/lime_floor_chair_from_other_floor_chair[minecraft:crafting_shapeless]' @ [ingredients][1]! Falling back to vanilla: Invalid component ingredients: ingredient[] - Component 'ingredient' is not allowed to be empty!
[21:51:44] [WARN] RecipeComponentValue.java#102: Failed to parse recipe 'interiors:crafting/floor_chair/magenta_floor_chair_from_other_floor_chair[minecraft:crafting_shapeless]' @ [ingredients][1]! Falling back to vanilla: Invalid component ingredients: ingredient[] - Component 'ingredient' is not allowed to be empty!
[21:51:44] [WARN] RecipeComponent.java#160: Failed to read component 'category: crafting_book_category?' from recipe create_radar:crafting/guided_fuze[minecraft:crafting_shaped], falling back to default value: java.lang.IllegalStateException: Unknown element name:combat
[21:51:44] [WARN] RecipeComponent.java#160: Failed to read component 'category: crafting_book_category?' from recipe scguns:nitro_powder_dust_from_nitro_powder[minecraft:crafting_shapeless], falling back to default value: java.lang.IllegalStateException: Unknown element name:ammo
[21:51:44] [WARN] RecipeComponent.java#160: Failed to read component 'category: crafting_book_category?' from recipe scguns:metal_detector[minecraft:crafting_shaped], falling back to default value: java.lang.IllegalStateException: Unknown element name:tools
[21:51:44] [WARN] KubeRecipe.java#90: Failed to parse recipe 'createdieselgenerators:mixing/gray_concrete[create:mixing]'! Falling back to vanilla: Failed to read required component 'ingredients: either<create:sized_fluid_ingredient, ingredient>[]' - java.lang.IllegalStateException: Failed to parse either. First: Unknown registry key in ResourceKey[minecraft:root / neoforge:fluid_ingredient_type]: minecraft:fluid_stack; Unknown registry key in ResourceKey[minecraft:root / neoforge:fluid_ingredient_type]: minecraft:fluid_stack; Second: Failed to parse either. First: Not a json array: {"type":"fluid_stack","fluid":"minecraft:water","amount":100}; Second: Unknown registry key in ResourceKey[minecraft:root / neoforge:ingredient_serializer]: minecraft:fluid_stack
[21:51:44] [WARN] RecipeComponent.java#160: Failed to read component 'category: crafting_book_category?' from recipe scguns:gunpowder_from_gunpowder_dust[minecraft:crafting_shapeless], falling back to default value: java.lang.IllegalStateException: Unknown element name:ammo
[21:51:44] [WARN] RecipeComponentValue.java#102: Failed to parse recipe 'interiors:crafting/floor_chair/yellow_floor_chair_from_other_floor_chair[minecraft:crafting_shapeless]' @ [ingredients][1]! Falling back to vanilla: Invalid component ingredients: ingredient[] - Component 'ingredient' is not allowed to be empty!
[21:51:44] [WARN] RecipeComponent.java#160: Failed to read component 'category: crafting_book_category?' from recipe scguns:nail_bomb[minecraft:crafting_shaped], falling back to default value: java.lang.IllegalStateException: Unknown element name:throwable
[21:51:44] [WARN] RecipeComponent.java#160: Failed to read component 'category: crafting_book_category?' from recipe scguns:peal_dust_from_peal[minecraft:crafting_shapeless], falling back to default value: java.lang.IllegalStateException: Unknown element name:ammo
[21:51:44] [INFO] Found 10,843 recipes (skipped 1,358) in 315.3 ms
[21:51:44] [INFO] Posted recipe events in 24 ms
[21:51:44] [INFO] KubeJS modifications to recipe manager finished in 12.43 ms
[21:51:44] [INFO] Added 80 recipes, removed 1106 recipes, modified 0 recipes, with 0 failed recipes taking 493 ms in total
[21:51:44] [INFO] Server resource reload complete!
